[[1;34mINFO[m] Scanning for projects...
[[1;34mINFO[m] 
[[1;34mINFO[m] [1m-------------------------< [0;36mcom.01blog:backend[0;1m >-------------------------[m
[[1;34mINFO[m] [1mBuilding backend 0.0.1-SNAPSHOT[m
[[1;34mINFO[m] [1m--------------------------------[ jar ]---------------------------------[m
[[1;34mINFO[m] 
[[1;34mINFO[m] [1m>>> [0;32mspring-boot-maven-plugin:3.5.5:run[m [1m(default-cli)[0;1m > [0;1mtest-compile[m @ [36mbackend[0;1m >>>[m
[[1;34mINFO[m] 
[[1;34mINFO[m] [1m--- [0;32mmaven-resources-plugin:3.3.1:resources[m [1m(default-resources)[m @ [36mbackend[0;1m ---[m
[[1;34mINFO[m] Copying 1 resource from src/main/resources to target/classes
[[1;34mINFO[m] Copying 0 resource from src/main/resources to target/classes
[[1;34mINFO[m] 
[[1;34mINFO[m] [1m--- [0;32mmaven-compiler-plugin:3.14.0:compile[m [1m(default-compile)[m @ [36mbackend[0;1m ---[m
[[1;34mINFO[m] Recompiling the module because of [1madded or removed source files[m.
[[1;34mINFO[m] Compiling 46 source files with javac [debug parameters release 17] to target/classes
[[1;33mWARNING[m] /home/saljaoui/01Blog/backend/src/main/java/com/_blog/backend/config/SecurityConfig.java:[64,13] cors() in org.springframework.security.config.annotation.web.builders.HttpSecurity has been deprecated and marked for removal
[[1;33mWARNING[m] /home/saljaoui/01Blog/backend/src/main/java/com/_blog/backend/config/SecurityConfig.java:[64,20] and() in org.springframework.security.config.annotation.SecurityConfigurerAdapter has been deprecated and marked for removal
[[1;34mINFO[m] /home/saljaoui/01Blog/backend/src/main/java/com/_blog/backend/auth/JwtUtil.java: Some input files use or override a deprecated API.
[[1;34mINFO[m] /home/saljaoui/01Blog/backend/src/main/java/com/_blog/backend/auth/JwtUtil.java: Recompile with -Xlint:deprecation for details.
[[1;34mINFO[m] 
[[1;34mINFO[m] [1m--- [0;32mmaven-resources-plugin:3.3.1:testResources[m [1m(default-testResources)[m @ [36mbackend[0;1m ---[m
[[1;34mINFO[m] skip non existing resourceDirectory /home/saljaoui/01Blog/backend/src/test/resources
[[1;34mINFO[m] 
[[1;34mINFO[m] [1m--- [0;32mmaven-compiler-plugin:3.14.0:testCompile[m [1m(default-testCompile)[m @ [36mbackend[0;1m ---[m
[[1;34mINFO[m] Recompiling the module because of [1mchanged dependency[m.
[[1;34mINFO[m] Compiling 1 source file with javac [debug parameters release 17] to target/test-classes
[[1;34mINFO[m] 
[[1;34mINFO[m] [1m<<< [0;32mspring-boot-maven-plugin:3.5.5:run[m [1m(default-cli)[0;1m < [0;1mtest-compile[m @ [36mbackend[0;1m <<<[m
[[1;34mINFO[m] 
[[1;34mINFO[m] 
[[1;34mINFO[m] [1m--- [0;32mspring-boot-maven-plugin:3.5.5:run[m [1m(default-cli)[m @ [36mbackend[0;1m ---[m
[[1;34mINFO[m] Attaching agents: []

  .   ____          _            __ _ _
 /\\ / ___'_ __ _ _(_)_ __  __ _ \ \ \ \
( ( )\___ | '_ | '_| | '_ \/ _` | \ \ \ \
 \\/  ___)| |_)| | | | | || (_| |  ) ) ) )
  '  |____| .__|_| |_|_| |_\__, | / / / /
 =========|_|==============|___/=/_/_/_/

 :: Spring Boot ::                (v3.5.5)

2025-10-20T13:24:36.773+01:00  INFO 5285 --- [backend] [           main] com._blog.backend.BackendApplication     : Starting BackendApplication using Java 17.0.16 with PID 5285 (/home/saljaoui/01Blog/backend/target/classes started by saljaoui in /home/saljaoui/01Blog/backend)
2025-10-20T13:24:36.786+01:00  INFO 5285 --- [backend] [           main] com._blog.backend.BackendApplication     : No active profile set, falling back to 1 default profile: "default"
2025-10-20T13:24:38.605+01:00  INFO 5285 --- [backend] [           main] .s.d.r.c.RepositoryConfigurationDelegate : Bootstrapping Spring Data JPA repositories in DEFAULT mode.
2025-10-20T13:24:38.844+01:00  INFO 5285 --- [backend] [           main] .s.d.r.c.RepositoryConfigurationDelegate : Finished Spring Data repository scanning in 179 ms. Found 6 JPA repository interfaces.
2025-10-20T13:24:40.364+01:00  INFO 5285 --- [backend] [           main] o.s.b.w.embedded.tomcat.TomcatWebServer  : Tomcat initialized with port 8080 (http)
2025-10-20T13:24:40.400+01:00  INFO 5285 --- [backend] [           main] o.apache.catalina.core.StandardService   : Starting service [Tomcat]
2025-10-20T13:24:40.401+01:00  INFO 5285 --- [backend] [           main] o.apache.catalina.core.StandardEngine    : Starting Servlet engine: [Apache Tomcat/10.1.44]
2025-10-20T13:24:40.552+01:00  INFO 5285 --- [backend] [           main] o.a.c.c.C.[Tomcat].[localhost].[/]       : Initializing Spring embedded WebApplicationContext
2025-10-20T13:24:40.555+01:00  INFO 5285 --- [backend] [           main] w.s.c.ServletWebServerApplicationContext : Root WebApplicationContext: initialization completed in 3672 ms
2025-10-20T13:24:40.894+01:00  INFO 5285 --- [backend] [           main] o.hibernate.jpa.internal.util.LogHelper  : HHH000204: Processing PersistenceUnitInfo [name: default]
2025-10-20T13:24:41.536+01:00  INFO 5285 --- [backend] [           main] org.hibernate.Version                    : HHH000412: Hibernate ORM core version 6.6.26.Final
2025-10-20T13:24:41.903+01:00  INFO 5285 --- [backend] [           main] o.h.c.internal.RegionFactoryInitiator    : HHH000026: Second-level cache disabled
2025-10-20T13:24:44.360+01:00  INFO 5285 --- [backend] [           main] o.s.o.j.p.SpringPersistenceUnitInfo      : No LoadTimeWeaver setup: ignoring JPA class transformer
2025-10-20T13:24:44.518+01:00  INFO 5285 --- [backend] [           main] com.zaxxer.hikari.HikariDataSource       : HikariPool-1 - Starting...
2025-10-20T13:24:45.712+01:00  INFO 5285 --- [backend] [           main] com.zaxxer.hikari.pool.HikariPool        : HikariPool-1 - Added connection org.postgresql.jdbc.PgConnection@4e6cbdf1
2025-10-20T13:24:45.716+01:00  INFO 5285 --- [backend] [           main] com.zaxxer.hikari.HikariDataSource       : HikariPool-1 - Start completed.
2025-10-20T13:24:46.304+01:00  INFO 5285 --- [backend] [           main] org.hibernate.orm.connections.pooling    : HHH10001005: Database info:
	Database JDBC URL [Connecting through datasource 'HikariDataSource (HikariPool-1)']
	Database driver: undefined/unknown
	Database version: 16.10
	Autocommit mode: undefined/unknown
	Isolation level: undefined/unknown
	Minimum pool size: undefined/unknown
	Maximum pool size: undefined/unknown
2025-10-20T13:24:49.327+01:00  INFO 5285 --- [backend] [           main] o.h.e.t.j.p.i.JtaPlatformInitiator       : HHH000489: No JTA platform available (set 'hibernate.transaction.jta.platform' to enable JTA platform integration)
2025-10-20T13:24:50.820+01:00  INFO 5285 --- [backend] [           main] j.LocalContainerEntityManagerFactoryBean : Initialized JPA EntityManagerFactory for persistence unit 'default'
2025-10-20T13:24:51.860+01:00  INFO 5285 --- [backend] [           main] eAuthenticationProviderManagerConfigurer : Global AuthenticationManager configured with AuthenticationProvider bean with name authenticationProvider
2025-10-20T13:24:51.861+01:00  WARN 5285 --- [backend] [           main] r$InitializeUserDetailsManagerConfigurer : Global AuthenticationManager configured with an AuthenticationProvider bean. UserDetailsService beans will not be used by Spring Security for automatically configuring username/password login. Consider removing the AuthenticationProvider bean. Alternatively, consider using the UserDetailsService in a manually instantiated DaoAuthenticationProvider. If the current configuration is intentional, to turn off this warning, increase the logging level of 'org.springframework.security.config.annotation.authentication.configuration.InitializeUserDetailsBeanManagerConfigurer' to ERROR
2025-10-20T13:24:53.058+01:00  INFO 5285 --- [backend] [           main] o.s.b.w.embedded.tomcat.TomcatWebServer  : Tomcat started on port 8080 (http) with context path '/'
2025-10-20T13:24:53.083+01:00  INFO 5285 --- [backend] [           main] com._blog.backend.BackendApplication     : Started BackendApplication in 17.214 seconds (process running for 17.346)
2025-10-20T13:24:54.535+01:00  INFO 5285 --- [backend] [nio-8080-exec-1] o.a.c.c.C.[Tomcat].[localhost].[/]       : Initializing Spring DispatcherServlet 'dispatcherServlet'
2025-10-20T13:24:54.535+01:00  INFO 5285 --- [backend] [nio-8080-exec-1] o.s.web.servlet.DispatcherServlet        : Initializing Servlet 'dispatcherServlet'
2025-10-20T13:24:54.537+01:00  INFO 5285 --- [backend] [nio-8080-exec-1] o.s.web.servlet.DispatcherServlet        : Completed initialization in 2 ms
Hibernate: select u1_0.id,u1_0.email,u1_0.first_name,u1_0.last_name,u1_0.password,u1_0.role,u1_0.username from users u1_0 where u1_0.id=?
Hibernate: select u1_0.id,u1_0.email,u1_0.first_name,u1_0.last_name,u1_0.password,u1_0.role,u1_0.username from users u1_0 where u1_0.id=?
🔹 [CONTROLLER] User from context: com._blog.backend.user.User@41cef634
Hibernate: select p1_0.id,p1_0.content,p1_0.created_at,p1_0.title,p1_0.updated_at,p1_0.author_id from posts p1_0
Hibernate: select u1_0.id,u1_0.email,u1_0.first_name,u1_0.last_name,u1_0.password,u1_0.role,u1_0.username from users u1_0 where u1_0.id=?
Hibernate: select count(l1_0.id) from likes l1_0 where l1_0.post_id=?
Hibernate: select count(l1_0.id) from likes l1_0 where l1_0.post_id=?
Hibernate: select count(l1_0.id) from likes l1_0 where l1_0.post_id=?
Hibernate: select u1_0.id,u1_0.email,u1_0.first_name,u1_0.last_name,u1_0.password,u1_0.role,u1_0.username from users u1_0 where u1_0.id=?
Hibernate: select u1_0.id,u1_0.email,u1_0.first_name,u1_0.last_name,u1_0.password,u1_0.role,u1_0.username from users u1_0 where u1_0.id=?
Hibernate: select p1_0.id,p1_0.content,p1_0.created_at,p1_0.title,p1_0.updated_at,p1_0.author_id from posts p1_0
🔹 [CONTROLLER] User from context: com._blog.backend.user.User@4eaeeb63
Hibernate: select u1_0.id,u1_0.email,u1_0.first_name,u1_0.last_name,u1_0.password,u1_0.role,u1_0.username from users u1_0 where u1_0.id=?
Hibernate: select count(l1_0.id) from likes l1_0 where l1_0.post_id=?
Hibernate: select count(l1_0.id) from likes l1_0 where l1_0.post_id=?
Hibernate: select count(l1_0.id) from likes l1_0 where l1_0.post_id=?
Hibernate: select u1_0.id,u1_0.email,u1_0.first_name,u1_0.last_name,u1_0.password,u1_0.role,u1_0.username from users u1_0 where u1_0.id=?
Hibernate: select p1_0.id,p1_0.content,p1_0.created_at,p1_0.title,p1_0.updated_at,p1_0.author_id from posts p1_0
Hibernate: select u1_0.id,u1_0.email,u1_0.first_name,u1_0.last_name,u1_0.password,u1_0.role,u1_0.username from users u1_0 where u1_0.id=?
Hibernate: select u1_0.id,u1_0.email,u1_0.first_name,u1_0.last_name,u1_0.password,u1_0.role,u1_0.username from users u1_0 where u1_0.id=?
🔹 [CONTROLLER] User from context: com._blog.backend.user.User@7e0ae042
Hibernate: select count(l1_0.id) from likes l1_0 where l1_0.post_id=?
Hibernate: select count(l1_0.id) from likes l1_0 where l1_0.post_id=?
Hibernate: select count(l1_0.id) from likes l1_0 where l1_0.post_id=?
Hibernate: select u1_0.id,u1_0.email,u1_0.first_name,u1_0.last_name,u1_0.password,u1_0.role,u1_0.username from users u1_0 where u1_0.id=?
Hibernate: select u1_0.id,u1_0.email,u1_0.first_name,u1_0.last_name,u1_0.password,u1_0.role,u1_0.username from users u1_0 where u1_0.id=?
Hibernate: select p1_0.id,p1_0.content,p1_0.created_at,p1_0.title,p1_0.updated_at,p1_0.author_id from posts p1_0
Hibernate: select u1_0.id,u1_0.email,u1_0.first_name,u1_0.last_name,u1_0.password,u1_0.role,u1_0.username from users u1_0 where u1_0.id=?
🔹 [CONTROLLER] User from context: com._blog.backend.user.User@15b7e4b7
Hibernate: select count(l1_0.id) from likes l1_0 where l1_0.post_id=?
Hibernate: select count(l1_0.id) from likes l1_0 where l1_0.post_id=?
Hibernate: select count(l1_0.id) from likes l1_0 where l1_0.post_id=?
Hibernate: select u1_0.id,u1_0.email,u1_0.first_name,u1_0.last_name,u1_0.password,u1_0.role,u1_0.username from users u1_0 where u1_0.id=?
Hibernate: select u1_0.id,u1_0.email,u1_0.first_name,u1_0.last_name,u1_0.password,u1_0.role,u1_0.username from users u1_0 where u1_0.id=?
Hibernate: select p1_0.id,p1_0.content,p1_0.created_at,p1_0.title,p1_0.updated_at,p1_0.author_id from posts p1_0
Hibernate: select u1_0.id,u1_0.email,u1_0.first_name,u1_0.last_name,u1_0.password,u1_0.role,u1_0.username from users u1_0 where u1_0.id=?
🔹 [CONTROLLER] User from context: com._blog.backend.user.User@72def690
Hibernate: select count(l1_0.id) from likes l1_0 where l1_0.post_id=?
Hibernate: select count(l1_0.id) from likes l1_0 where l1_0.post_id=?
Hibernate: select count(l1_0.id) from likes l1_0 where l1_0.post_id=?
Hibernate: select u1_0.id,u1_0.email,u1_0.first_name,u1_0.last_name,u1_0.password,u1_0.role,u1_0.username from users u1_0 where u1_0.id=?
Hibernate: select u1_0.id,u1_0.email,u1_0.first_name,u1_0.last_name,u1_0.password,u1_0.role,u1_0.username from users u1_0 where u1_0.id=?
Hibernate: select p1_0.id,p1_0.content,p1_0.created_at,p1_0.title,p1_0.updated_at,p1_0.author_id from posts p1_0
Hibernate: select u1_0.id,u1_0.email,u1_0.first_name,u1_0.last_name,u1_0.password,u1_0.role,u1_0.username from users u1_0 where u1_0.id=?
🔹 [CONTROLLER] User from context: com._blog.backend.user.User@34d44b19
Hibernate: select count(l1_0.id) from likes l1_0 where l1_0.post_id=?
Hibernate: select count(l1_0.id) from likes l1_0 where l1_0.post_id=?
Hibernate: select count(l1_0.id) from likes l1_0 where l1_0.post_id=?
Hibernate: select u1_0.id,u1_0.email,u1_0.first_name,u1_0.last_name,u1_0.password,u1_0.role,u1_0.username from users u1_0 where u1_0.id=?
Hibernate: select u1_0.id,u1_0.email,u1_0.first_name,u1_0.last_name,u1_0.password,u1_0.role,u1_0.username from users u1_0 where u1_0.id=?
Hibernate: select p1_0.id,p1_0.content,p1_0.created_at,p1_0.title,p1_0.updated_at,p1_0.author_id from posts p1_0
🔹 [CONTROLLER] User from context: com._blog.backend.user.User@179e17ca
Hibernate: select u1_0.id,u1_0.email,u1_0.first_name,u1_0.last_name,u1_0.password,u1_0.role,u1_0.username from users u1_0 where u1_0.id=?
Hibernate: select count(l1_0.id) from likes l1_0 where l1_0.post_id=?
Hibernate: select count(l1_0.id) from likes l1_0 where l1_0.post_id=?
Hibernate: select count(l1_0.id) from likes l1_0 where l1_0.post_id=?
Hibernate: select u1_0.id,u1_0.email,u1_0.first_name,u1_0.last_name,u1_0.password,u1_0.role,u1_0.username from users u1_0 where u1_0.id=?
Hibernate: select u1_0.id,u1_0.email,u1_0.first_name,u1_0.last_name,u1_0.password,u1_0.role,u1_0.username from users u1_0 where u1_0.id=?
Hibernate: select p1_0.id,p1_0.content,p1_0.created_at,p1_0.title,p1_0.updated_at,p1_0.author_id from posts p1_0
Hibernate: select u1_0.id,u1_0.email,u1_0.first_name,u1_0.last_name,u1_0.password,u1_0.role,u1_0.username from users u1_0 where u1_0.id=?
🔹 [CONTROLLER] User from context: com._blog.backend.user.User@141273b8
Hibernate: select u1_0.id,u1_0.email,u1_0.first_name,u1_0.last_name,u1_0.password,u1_0.role,u1_0.username from users u1_0 where u1_0.id=?
Hibernate: select count(l1_0.id) from likes l1_0 where l1_0.post_id=?
Hibernate: select count(l1_0.id) from likes l1_0 where l1_0.post_id=?
Hibernate: select count(l1_0.id) from likes l1_0 where l1_0.post_id=?
🔹 [CONTROLLER] User from context: com._blog.backend.user.User@7cb70a47
Hibernate: select u1_0.id,u1_0.email,u1_0.first_name,u1_0.last_name,u1_0.password,u1_0.role,u1_0.username from users u1_0 where u1_0.id=?
Hibernate: select p1_0.id,p1_0.content,p1_0.created_at,p1_0.title,p1_0.updated_at,p1_0.author_id from posts p1_0
Hibernate: select u1_0.id,u1_0.email,u1_0.first_name,u1_0.last_name,u1_0.password,u1_0.role,u1_0.username from users u1_0 where u1_0.id=?
Hibernate: select count(l1_0.id) from likes l1_0 where l1_0.post_id=?
Hibernate: select count(l1_0.id) from likes l1_0 where l1_0.post_id=?
Hibernate: select count(l1_0.id) from likes l1_0 where l1_0.post_id=?
Hibernate: select u1_0.id,u1_0.email,u1_0.first_name,u1_0.last_name,u1_0.password,u1_0.role,u1_0.username from users u1_0 where u1_0.id=?
Hibernate: select p1_0.id,p1_0.content,p1_0.created_at,p1_0.title,p1_0.updated_at,p1_0.author_id from posts p1_0
Hibernate: select u1_0.id,u1_0.email,u1_0.first_name,u1_0.last_name,u1_0.password,u1_0.role,u1_0.username from users u1_0 where u1_0.id=?
Hibernate: select u1_0.id,u1_0.email,u1_0.first_name,u1_0.last_name,u1_0.password,u1_0.role,u1_0.username from users u1_0 where u1_0.id=?
Hibernate: select count(l1_0.id) from likes l1_0 where l1_0.post_id=?
Hibernate: select count(l1_0.id) from likes l1_0 where l1_0.post_id=?
🔹 [CONTROLLER] User from context: com._blog.backend.user.User@55e03578
Hibernate: select count(l1_0.id) from likes l1_0 where l1_0.post_id=?
Hibernate: select u1_0.id,u1_0.email,u1_0.first_name,u1_0.last_name,u1_0.password,u1_0.role,u1_0.username from users u1_0 where u1_0.id=?
Hibernate: select u1_0.id,u1_0.email,u1_0.first_name,u1_0.last_name,u1_0.password,u1_0.role,u1_0.username from users u1_0 where u1_0.id=?
🔹 [CONTROLLER] User from context: com._blog.backend.user.User@4461a64b
Hibernate: select p1_0.id,p1_0.content,p1_0.created_at,p1_0.title,p1_0.updated_at,p1_0.author_id from posts p1_0
Hibernate: select u1_0.id,u1_0.email,u1_0.first_name,u1_0.last_name,u1_0.password,u1_0.role,u1_0.username from users u1_0 where u1_0.id=?
Hibernate: select count(l1_0.id) from likes l1_0 where l1_0.post_id=?
Hibernate: select count(l1_0.id) from likes l1_0 where l1_0.post_id=?
Hibernate: select count(l1_0.id) from likes l1_0 where l1_0.post_id=?
Hibernate: select u1_0.id,u1_0.email,u1_0.first_name,u1_0.last_name,u1_0.password,u1_0.role,u1_0.username from users u1_0 where u1_0.id=?
Hibernate: select u1_0.id,u1_0.email,u1_0.first_name,u1_0.last_name,u1_0.password,u1_0.role,u1_0.username from users u1_0 where u1_0.id=?
🔹 [CONTROLLER] User from context: com._blog.backend.user.User@2801e421
Hibernate: select p1_0.id,p1_0.content,p1_0.created_at,p1_0.title,p1_0.updated_at,p1_0.author_id from posts p1_0
Hibernate: select u1_0.id,u1_0.email,u1_0.first_name,u1_0.last_name,u1_0.password,u1_0.role,u1_0.username from users u1_0 where u1_0.id=?
Hibernate: select count(l1_0.id) from likes l1_0 where l1_0.post_id=?
Hibernate: select count(l1_0.id) from likes l1_0 where l1_0.post_id=?
Hibernate: select count(l1_0.id) from likes l1_0 where l1_0.post_id=?
Hibernate: select u1_0.id,u1_0.email,u1_0.first_name,u1_0.last_name,u1_0.password,u1_0.role,u1_0.username from users u1_0 where u1_0.id=?
Hibernate: select u1_0.id,u1_0.email,u1_0.first_name,u1_0.last_name,u1_0.password,u1_0.role,u1_0.username from users u1_0 where u1_0.id=?
🔹 [CONTROLLER] User from context: com._blog.backend.user.User@4305b80e
Hibernate: select p1_0.id,p1_0.content,p1_0.created_at,p1_0.title,p1_0.updated_at,p1_0.author_id from posts p1_0
Hibernate: select u1_0.id,u1_0.email,u1_0.first_name,u1_0.last_name,u1_0.password,u1_0.role,u1_0.username from users u1_0 where u1_0.id=?
Hibernate: select count(l1_0.id) from likes l1_0 where l1_0.post_id=?
Hibernate: select count(l1_0.id) from likes l1_0 where l1_0.post_id=?
Hibernate: select count(l1_0.id) from likes l1_0 where l1_0.post_id=?
Hibernate: select u1_0.id,u1_0.email,u1_0.first_name,u1_0.last_name,u1_0.password,u1_0.role,u1_0.username from users u1_0 where u1_0.id=?
Hibernate: select u1_0.id,u1_0.email,u1_0.first_name,u1_0.last_name,u1_0.password,u1_0.role,u1_0.username from users u1_0 where u1_0.id=?
Hibernate: select p1_0.id,p1_0.content,p1_0.created_at,p1_0.title,p1_0.updated_at,p1_0.author_id from posts p1_0
Hibernate: select u1_0.id,u1_0.email,u1_0.first_name,u1_0.last_name,u1_0.password,u1_0.role,u1_0.username from users u1_0 where u1_0.id=?
🔹 [CONTROLLER] User from context: com._blog.backend.user.User@7f7b41c7
Hibernate: select count(l1_0.id) from likes l1_0 where l1_0.post_id=?
Hibernate: select count(l1_0.id) from likes l1_0 where l1_0.post_id=?
Hibernate: select count(l1_0.id) from likes l1_0 where l1_0.post_id=?
Hibernate: select u1_0.id,u1_0.email,u1_0.first_name,u1_0.last_name,u1_0.password,u1_0.role,u1_0.username from users u1_0 where u1_0.id=?
Hibernate: select u1_0.id,u1_0.email,u1_0.first_name,u1_0.last_name,u1_0.password,u1_0.role,u1_0.username from users u1_0 where u1_0.id=?
Hibernate: select p1_0.id,p1_0.content,p1_0.created_at,p1_0.title,p1_0.updated_at,p1_0.author_id from posts p1_0
🔹 [CONTROLLER] User from context: com._blog.backend.user.User@6c7edd79
Hibernate: select u1_0.id,u1_0.email,u1_0.first_name,u1_0.last_name,u1_0.password,u1_0.role,u1_0.username from users u1_0 where u1_0.id=?
Hibernate: select count(l1_0.id) from likes l1_0 where l1_0.post_id=?
Hibernate: select count(l1_0.id) from likes l1_0 where l1_0.post_id=?
Hibernate: select count(l1_0.id) from likes l1_0 where l1_0.post_id=?
Hibernate: select u1_0.id,u1_0.email,u1_0.first_name,u1_0.last_name,u1_0.password,u1_0.role,u1_0.username from users u1_0 where u1_0.id=?
Hibernate: select u1_0.id,u1_0.email,u1_0.first_name,u1_0.last_name,u1_0.password,u1_0.role,u1_0.username from users u1_0 where u1_0.id=?
🔹 [CONTROLLER] User from context: com._blog.backend.user.User@ea4b892
Hibernate: select p1_0.id,p1_0.content,p1_0.created_at,p1_0.title,p1_0.updated_at,p1_0.author_id from posts p1_0
Hibernate: select u1_0.id,u1_0.email,u1_0.first_name,u1_0.last_name,u1_0.password,u1_0.role,u1_0.username from users u1_0 where u1_0.id=?
Hibernate: select count(l1_0.id) from likes l1_0 where l1_0.post_id=?
Hibernate: select count(l1_0.id) from likes l1_0 where l1_0.post_id=?
Hibernate: select count(l1_0.id) from likes l1_0 where l1_0.post_id=?
2025-10-20T13:44:35.710+01:00  WARN 5285 --- [backend] [l-1:housekeeper] com.zaxxer.hikari.pool.PoolBase          : HikariPool-1 - Failed to validate connection org.postgresql.jdbc.PgConnection@2c5c5b84 (This connection has been closed.). Possibly consider using a shorter maxLifetime value.
2025-10-20T13:44:35.800+01:00  INFO 5285 --- [backend] [ionShutdownHook] o.s.b.w.e.tomcat.GracefulShutdown        : Commencing graceful shutdown. Waiting for active requests to complete
2025-10-20T13:44:35.867+01:00  WARN 5285 --- [backend] [l-1:housekeeper] com.zaxxer.hikari.pool.HikariPool        : HikariPool-1 - Thread starvation or clock leap detected (housekeeper delta=3m24s207ms654µs21ns).
2025-10-20T13:44:35.899+01:00  INFO 5285 --- [backend] [tomcat-shutdown] o.s.b.w.e.tomcat.GracefulShutdown        : Graceful shutdown complete
2025-10-20T13:44:36.936+01:00  INFO 5285 --- [backend] [ionShutdownHook] j.LocalContainerEntityManagerFactoryBean : Closing JPA EntityManagerFactory for persistence unit 'default'
2025-10-20T13:44:37.050+01:00  INFO 5285 --- [backend] [ionShutdownHook] com.zaxxer.hikari.HikariDataSource       : HikariPool-1 - Shutdown initiated...
2025-10-20T13:44:37.291+01:00  INFO 5285 --- [backend] [ionShutdownHook] com.zaxxer.hikari.HikariDataSource       : HikariPool-1 - Shutdown completed.
